// Jest Snapshot v1, https://goo.gl/fbAQLP

exports[`.reader() - read existing file - should stream read file 1`] = `"feed.a.json"`;

exports[`.reader() - read existing file - should stream read file 2`] = `661328`;

exports[`.writer() - on "file saved" - should have "id" and "file" on emitted event 1`] = `"07a109ac983bc28d7f393215ca409e2d759e1fda9dc034e48338a5ef1aa92d6c"`;

exports[`.writer() - on "file saved" - should have "id" and "file" on emitted event 2`] = `"07a109ac983bc28d7f393215ca409e2d759e1fda9dc034e48338a5ef1aa92d6c.json"`;

exports[`dir() - should error when directory is missing 1`] = `"Missing folder with name \\"/missing\\" or empty result"`;

exports[`dir() - should fetch all files in sub directory 1`] = `
Array [
  Object {
    "content": "{}
",
    "fileName": "content-2.json",
  },
  Object {
    "content": "{}
",
    "fileName": "content.json",
  },
]
`;

exports[`dir() - should fetch file in root directory 1`] = `"feed.a.json"`;

exports[`dir() - should fetch file in root directory 2`] = `661319`;
